     1	
     2	
     3	The bustle in a house
     4	The morning after death
     5	Is solemnest of industries
     6	Enacted upon earth,â€”
     7	
     8	
     9	The sweeping up the heart,
    10	And putting love away
    11	We shall not want to use again
    12	Until eternity.
